armAstNodes
| azuredeploy.json:1:1:237:1 | { |
armResource
| azuredeploy.json:89:9:100:9 | { |
| azuredeploy.json:101:9:124:9 | { |
| azuredeploy.json:125:9:151:9 | { |
| azuredeploy.json:152:9:177:9 | { |
| azuredeploy.json:178:9:220:9 | { |
| azuredeploy.json:221:9:235:9 | { |
armResourceProps
| azuredeploy.json:94:27:99:13 | { |
| azuredeploy.json:107:27:123:13 | { |
| azuredeploy.json:133:27:150:13 | { |
| azuredeploy.json:161:27:176:13 | { |
| azuredeploy.json:186:27:219:13 | { |
| azuredeploy.json:229:27:234:13 | { |
