| Chart.yml:9:14:9:25 | busybox:1.28 | untrusted container registry |
| Chart.yml:12:14:12:40 | ghcr.io ... ox:1.28 | untrusted container registry |
| Chart.yml:15:14:15:65 | ACCOUNT ... ox:1.28 | untrusted container registry |
| Chart.yml:19:14:19:40 | gchr.io ... ox:1.28 | untrusted container registry |
