| loops.bicep:1:1:1:48 | Statement |
| loops.bicep:1:1:22:3 | Infrastructure |
| loops.bicep:1:7:1:14 | ??? |
| loops.bicep:1:7:1:14 | Expression |
| loops.bicep:1:7:1:14 | location |
| loops.bicep:1:25:1:37 | ??? |
| loops.bicep:1:25:1:37 | Expression |
| loops.bicep:1:25:1:37 | resourceGroup |
| loops.bicep:1:25:1:39 | ??? |
| loops.bicep:1:25:1:39 | CallExpr |
| loops.bicep:1:25:1:39 | Expression |
| loops.bicep:1:25:1:48 | ??? |
| loops.bicep:1:25:1:48 | Expression |
| loops.bicep:1:25:1:48 | MemberExpr |
| loops.bicep:1:41:1:48 | location |
| loops.bicep:2:1:2:23 | Statement |
| loops.bicep:2:7:2:15 | ??? |
| loops.bicep:2:7:2:15 | Expression |
| loops.bicep:2:7:2:15 | itemCount |
| loops.bicep:2:23:2:23 | (no string representation) |
| loops.bicep:2:23:2:23 | ??? |
| loops.bicep:2:23:2:23 | Expression |
| loops.bicep:3:1:3:26 | Statement |
| loops.bicep:3:7:3:18 | ??? |
| loops.bicep:3:7:3:18 | Expression |
| loops.bicep:3:7:3:18 | storageCount |
| loops.bicep:3:26:3:26 | (no string representation) |
| loops.bicep:3:26:3:26 | ??? |
| loops.bicep:3:26:3:26 | Expression |
| loops.bicep:5:1:5:66 | Statement |
| loops.bicep:5:5:5:15 | ??? |
| loops.bicep:5:5:5:15 | Expression |
| loops.bicep:5:5:5:15 | stringArray |
| loops.bicep:5:19:5:66 | ??? |
| loops.bicep:5:19:5:66 | Expression |
| loops.bicep:5:19:5:66 | ForStatement |
| loops.bicep:5:24:5:24 | ??? |
| loops.bicep:5:24:5:24 | Expression |
| loops.bicep:5:24:5:24 | i |
| loops.bicep:5:29:5:33 | ??? |
| loops.bicep:5:29:5:33 | Expression |
| loops.bicep:5:29:5:33 | range |
| loops.bicep:5:29:5:47 | ??? |
| loops.bicep:5:29:5:47 | CallExpr |
| loops.bicep:5:29:5:47 | Expression |
| loops.bicep:5:35:5:35 | (no string representation) |
| loops.bicep:5:35:5:35 | ??? |
| loops.bicep:5:35:5:35 | Expression |
| loops.bicep:5:38:5:46 | ??? |
| loops.bicep:5:38:5:46 | Expression |
| loops.bicep:5:38:5:46 | itemCount |
| loops.bicep:5:50:5:65 | ??? |
| loops.bicep:5:50:5:65 | Expression |
| loops.bicep:5:50:5:65 | item |
| loops.bicep:5:51:5:54 | item |
| loops.bicep:5:57:5:63 | ??? |
| loops.bicep:5:57:5:63 | Expression |
| loops.bicep:5:57:5:63 | ParenthesizedExpr |
| loops.bicep:5:58:5:58 | ??? |
| loops.bicep:5:58:5:58 | Expression |
| loops.bicep:5:58:5:58 | i |
| loops.bicep:5:58:5:62 | BinaryExpr |
| loops.bicep:5:58:5:62 | Expression |
| loops.bicep:5:62:5:62 | (no string representation) |
| loops.bicep:5:62:5:62 | ??? |
| loops.bicep:5:62:5:62 | Expression |
| loops.bicep:7:1:7:38 | Statement |
| loops.bicep:7:8:7:18 | ??? |
| loops.bicep:7:8:7:18 | Expression |
| loops.bicep:7:8:7:18 | arrayResult |
| loops.bicep:7:28:7:38 | ??? |
| loops.bicep:7:28:7:38 | Expression |
| loops.bicep:7:28:7:38 | stringArray |
| loops.bicep:9:1:16:2 | ResourceDeclaration |
| loops.bicep:9:1:16:2 | Statement |
| loops.bicep:9:10:9:20 | ??? |
| loops.bicep:9:10:9:20 | Expression |
| loops.bicep:9:10:9:20 | storageAcct |
| loops.bicep:9:22:9:67 | ??? |
| loops.bicep:9:22:9:67 | Expression |
| loops.bicep:9:22:9:67 | Microsoft.Storage/storageAccounts@2022-09-01 |
| loops.bicep:9:23:9:66 | Microsoft.Storage/storageAccounts@2022-09-01 |
| loops.bicep:9:71:16:2 | ??? |
| loops.bicep:9:71:16:2 | Expression |
| loops.bicep:9:71:16:2 | ForStatement |
| loops.bicep:9:76:9:76 | ??? |
| loops.bicep:9:76:9:76 | Expression |
| loops.bicep:9:76:9:76 | i |
| loops.bicep:9:81:9:85 | ??? |
| loops.bicep:9:81:9:85 | Expression |
| loops.bicep:9:81:9:85 | range |
| loops.bicep:9:81:9:102 | ??? |
| loops.bicep:9:81:9:102 | CallExpr |
| loops.bicep:9:81:9:102 | Expression |
| loops.bicep:9:87:9:87 | (no string representation) |
| loops.bicep:9:87:9:87 | ??? |
| loops.bicep:9:87:9:87 | Expression |
| loops.bicep:9:90:9:101 | ??? |
| loops.bicep:9:90:9:101 | Expression |
| loops.bicep:9:90:9:101 | storageCount |
| loops.bicep:9:105:16:1 | ??? |
| loops.bicep:9:105:16:1 | Expression |
| loops.bicep:9:105:16:1 | Object |
| loops.bicep:10:3:10:6 | ??? |
| loops.bicep:10:3:10:6 | Expression |
| loops.bicep:10:3:10:6 | name |
| loops.bicep:10:3:10:56 | name = Expression |
| loops.bicep:10:3:10:56 | name = storage |
| loops.bicep:10:9:10:56 | ??? |
| loops.bicep:10:9:10:56 | Expression |
| loops.bicep:10:9:10:56 | storage |
| loops.bicep:10:12:10:12 | ??? |
| loops.bicep:10:12:10:12 | Expression |
| loops.bicep:10:12:10:12 | i |
| loops.bicep:10:14:10:20 | storage |
| loops.bicep:10:23:10:34 | ??? |
| loops.bicep:10:23:10:34 | Expression |
| loops.bicep:10:23:10:34 | uniqueString |
| loops.bicep:10:23:10:54 | ??? |
| loops.bicep:10:23:10:54 | CallExpr |
| loops.bicep:10:23:10:54 | Expression |
| loops.bicep:10:36:10:48 | ??? |
| loops.bicep:10:36:10:48 | Expression |
| loops.bicep:10:36:10:48 | resourceGroup |
| loops.bicep:10:36:10:50 | ??? |
| loops.bicep:10:36:10:50 | CallExpr |
| loops.bicep:10:36:10:50 | Expression |
| loops.bicep:10:36:10:53 | ??? |
| loops.bicep:10:36:10:53 | Expression |
| loops.bicep:10:36:10:53 | MemberExpr |
| loops.bicep:10:52:10:53 | id |
| loops.bicep:11:3:11:10 | ??? |
| loops.bicep:11:3:11:10 | Expression |
| loops.bicep:11:3:11:10 | location |
| loops.bicep:11:3:11:20 | location = Expression |
| loops.bicep:11:3:11:20 | location = location |
| loops.bicep:11:13:11:20 | ??? |
| loops.bicep:11:13:11:20 | Expression |
| loops.bicep:11:13:11:20 | location |
| loops.bicep:12:3:12:5 | ??? |
| loops.bicep:12:3:12:5 | Expression |
| loops.bicep:12:3:12:5 | sku |
| loops.bicep:12:3:14:3 | sku = Expression |
| loops.bicep:12:3:14:3 | sku = Object |
| loops.bicep:12:8:14:3 | ??? |
| loops.bicep:12:8:14:3 | Expression |
| loops.bicep:12:8:14:3 | Object |
| loops.bicep:13:5:13:8 | ??? |
| loops.bicep:13:5:13:8 | Expression |
| loops.bicep:13:5:13:8 | name |
| loops.bicep:13:5:13:24 | name = Expression |
| loops.bicep:13:5:13:24 | name = Standard_LRS |
| loops.bicep:13:11:13:24 | ??? |
| loops.bicep:13:11:13:24 | Expression |
| loops.bicep:13:11:13:24 | Standard_LRS |
| loops.bicep:13:12:13:23 | Standard_LRS |
| loops.bicep:15:3:15:6 | ??? |
| loops.bicep:15:3:15:6 | Expression |
| loops.bicep:15:3:15:6 | kind |
| loops.bicep:15:3:15:17 | kind = Expression |
| loops.bicep:15:3:15:17 | kind = Storage |
| loops.bicep:15:9:15:17 | ??? |
| loops.bicep:15:9:15:17 | Expression |
| loops.bicep:15:9:15:17 | Storage |
| loops.bicep:15:10:15:16 | Storage |
| loops.bicep:18:1:22:2 | Statement |
| loops.bicep:18:8:18:18 | ??? |
| loops.bicep:18:8:18:18 | Expression |
| loops.bicep:18:8:18:18 | storageInfo |
| loops.bicep:18:28:22:2 | ??? |
| loops.bicep:18:28:22:2 | Expression |
| loops.bicep:18:28:22:2 | ForStatement |
| loops.bicep:18:33:18:33 | ??? |
| loops.bicep:18:33:18:33 | Expression |
| loops.bicep:18:33:18:33 | i |
| loops.bicep:18:38:18:42 | ??? |
| loops.bicep:18:38:18:42 | Expression |
| loops.bicep:18:38:18:42 | range |
| loops.bicep:18:38:18:59 | ??? |
| loops.bicep:18:38:18:59 | CallExpr |
| loops.bicep:18:38:18:59 | Expression |
| loops.bicep:18:44:18:44 | (no string representation) |
| loops.bicep:18:44:18:44 | ??? |
| loops.bicep:18:44:18:44 | Expression |
| loops.bicep:18:47:18:58 | ??? |
| loops.bicep:18:47:18:58 | Expression |
| loops.bicep:18:47:18:58 | storageCount |
| loops.bicep:18:62:22:1 | ??? |
| loops.bicep:18:62:22:1 | Expression |
| loops.bicep:18:62:22:1 | Object |
| loops.bicep:19:3:19:4 | ??? |
| loops.bicep:19:3:19:4 | Expression |
| loops.bicep:19:3:19:4 | id |
| loops.bicep:19:3:19:23 | id = Expression |
| loops.bicep:19:3:19:23 | id = MemberExpr |
| loops.bicep:19:7:19:17 | ??? |
| loops.bicep:19:7:19:17 | Expression |
| loops.bicep:19:7:19:17 | storageAcct |
| loops.bicep:19:7:19:20 | ??? |
| loops.bicep:19:7:19:20 | Expression |
| loops.bicep:19:7:19:20 | SubscriptExpr |
| loops.bicep:19:7:19:23 | ??? |
| loops.bicep:19:7:19:23 | Expression |
| loops.bicep:19:7:19:23 | MemberExpr |
| loops.bicep:19:19:19:19 | ??? |
| loops.bicep:19:19:19:19 | Expression |
| loops.bicep:19:19:19:19 | i |
| loops.bicep:19:22:19:23 | id |
| loops.bicep:20:3:20:14 | ??? |
| loops.bicep:20:3:20:14 | Expression |
| loops.bicep:20:3:20:14 | blobEndpoint |
| loops.bicep:20:3:20:63 | blobEndpoint = Expression |
| loops.bicep:20:3:20:63 | blobEndpoint = MemberExpr |
| loops.bicep:20:17:20:27 | ??? |
| loops.bicep:20:17:20:27 | Expression |
| loops.bicep:20:17:20:27 | storageAcct |
| loops.bicep:20:17:20:30 | ??? |
| loops.bicep:20:17:20:30 | Expression |
| loops.bicep:20:17:20:30 | SubscriptExpr |
| loops.bicep:20:17:20:41 | ??? |
| loops.bicep:20:17:20:41 | Expression |
| loops.bicep:20:17:20:41 | MemberExpr |
| loops.bicep:20:17:20:58 | ??? |
| loops.bicep:20:17:20:58 | Expression |
| loops.bicep:20:17:20:58 | MemberExpr |
| loops.bicep:20:17:20:63 | ??? |
| loops.bicep:20:17:20:63 | Expression |
| loops.bicep:20:17:20:63 | MemberExpr |
| loops.bicep:20:29:20:29 | ??? |
| loops.bicep:20:29:20:29 | Expression |
| loops.bicep:20:29:20:29 | i |
| loops.bicep:20:32:20:41 | properties |
| loops.bicep:20:43:20:58 | primaryEndpoints |
| loops.bicep:20:60:20:63 | blob |
| loops.bicep:21:3:21:8 | ??? |
| loops.bicep:21:3:21:8 | Expression |
| loops.bicep:21:3:21:8 | status |
| loops.bicep:21:3:21:51 | status = Expression |
| loops.bicep:21:3:21:51 | status = MemberExpr |
| loops.bicep:21:11:21:21 | ??? |
| loops.bicep:21:11:21:21 | Expression |
| loops.bicep:21:11:21:21 | storageAcct |
| loops.bicep:21:11:21:24 | ??? |
| loops.bicep:21:11:21:24 | Expression |
| loops.bicep:21:11:21:24 | SubscriptExpr |
| loops.bicep:21:11:21:35 | ??? |
| loops.bicep:21:11:21:35 | Expression |
| loops.bicep:21:11:21:35 | MemberExpr |
| loops.bicep:21:11:21:51 | ??? |
| loops.bicep:21:11:21:51 | Expression |
| loops.bicep:21:11:21:51 | MemberExpr |
| loops.bicep:21:23:21:23 | ??? |
| loops.bicep:21:23:21:23 | Expression |
| loops.bicep:21:23:21:23 | i |
| loops.bicep:21:26:21:35 | properties |
| loops.bicep:21:37:21:51 | statusOfPrimary |
| sample.bicep:1:1:1:48 | Statement |
| sample.bicep:1:1:14:2 | Infrastructure |
| sample.bicep:1:7:1:14 | ??? |
| sample.bicep:1:7:1:14 | Expression |
| sample.bicep:1:7:1:14 | location |
| sample.bicep:1:25:1:37 | ??? |
| sample.bicep:1:25:1:37 | Expression |
| sample.bicep:1:25:1:37 | resourceGroup |
| sample.bicep:1:25:1:39 | ??? |
| sample.bicep:1:25:1:39 | CallExpr |
| sample.bicep:1:25:1:39 | Expression |
| sample.bicep:1:25:1:48 | ??? |
| sample.bicep:1:25:1:48 | Expression |
| sample.bicep:1:25:1:48 | MemberExpr |
| sample.bicep:1:41:1:48 | location |
| sample.bicep:2:1:2:80 | Statement |
| sample.bicep:2:7:2:24 | ??? |
| sample.bicep:2:7:2:24 | Expression |
| sample.bicep:2:7:2:24 | storageAccountName |
| sample.bicep:2:35:2:80 | ??? |
| sample.bicep:2:35:2:80 | Expression |
| sample.bicep:2:35:2:80 | toylaunch |
| sample.bicep:2:36:2:44 | toylaunch |
| sample.bicep:2:47:2:58 | ??? |
| sample.bicep:2:47:2:58 | Expression |
| sample.bicep:2:47:2:58 | uniqueString |
| sample.bicep:2:47:2:78 | ??? |
| sample.bicep:2:47:2:78 | CallExpr |
| sample.bicep:2:47:2:78 | Expression |
| sample.bicep:2:60:2:72 | ??? |
| sample.bicep:2:60:2:72 | Expression |
| sample.bicep:2:60:2:72 | resourceGroup |
| sample.bicep:2:60:2:74 | ??? |
| sample.bicep:2:60:2:74 | CallExpr |
| sample.bicep:2:60:2:74 | Expression |
| sample.bicep:2:60:2:77 | ??? |
| sample.bicep:2:60:2:77 | Expression |
| sample.bicep:2:60:2:77 | MemberExpr |
| sample.bicep:2:76:2:77 | id |
| sample.bicep:4:1:14:1 | ResourceDeclaration |
| sample.bicep:4:1:14:1 | Statement |
| sample.bicep:4:10:4:23 | ??? |
| sample.bicep:4:10:4:23 | Expression |
| sample.bicep:4:10:4:23 | storageAccount |
| sample.bicep:4:25:4:70 | ??? |
| sample.bicep:4:25:4:70 | Expression |
| sample.bicep:4:25:4:70 | Microsoft.Storage/storageAccounts@2021-06-01 |
| sample.bicep:4:26:4:69 | Microsoft.Storage/storageAccounts@2021-06-01 |
| sample.bicep:4:74:14:1 | ??? |
| sample.bicep:4:74:14:1 | Expression |
| sample.bicep:4:74:14:1 | Object |
| sample.bicep:5:3:5:6 | ??? |
| sample.bicep:5:3:5:6 | Expression |
| sample.bicep:5:3:5:6 | name |
| sample.bicep:5:3:5:26 | name = Expression |
| sample.bicep:5:3:5:26 | name = storageAccountName |
| sample.bicep:5:9:5:26 | ??? |
| sample.bicep:5:9:5:26 | Expression |
| sample.bicep:5:9:5:26 | storageAccountName |
| sample.bicep:6:3:6:10 | ??? |
| sample.bicep:6:3:6:10 | Expression |
| sample.bicep:6:3:6:10 | location |
| sample.bicep:6:3:6:20 | location = Expression |
| sample.bicep:6:3:6:20 | location = location |
| sample.bicep:6:13:6:20 | ??? |
| sample.bicep:6:13:6:20 | Expression |
| sample.bicep:6:13:6:20 | location |
| sample.bicep:7:3:7:5 | ??? |
| sample.bicep:7:3:7:5 | Expression |
| sample.bicep:7:3:7:5 | sku |
| sample.bicep:7:3:9:3 | sku = Expression |
| sample.bicep:7:3:9:3 | sku = Object |
| sample.bicep:7:8:9:3 | ??? |
| sample.bicep:7:8:9:3 | Expression |
| sample.bicep:7:8:9:3 | Object |
| sample.bicep:8:5:8:8 | ??? |
| sample.bicep:8:5:8:8 | Expression |
| sample.bicep:8:5:8:8 | name |
| sample.bicep:8:5:8:24 | name = Expression |
| sample.bicep:8:5:8:24 | name = Standard_LRS |
| sample.bicep:8:11:8:24 | ??? |
| sample.bicep:8:11:8:24 | Expression |
| sample.bicep:8:11:8:24 | Standard_LRS |
| sample.bicep:8:12:8:23 | Standard_LRS |
| sample.bicep:10:3:10:6 | ??? |
| sample.bicep:10:3:10:6 | Expression |
| sample.bicep:10:3:10:6 | kind |
| sample.bicep:10:3:10:19 | kind = Expression |
| sample.bicep:10:3:10:19 | kind = StorageV2 |
| sample.bicep:10:9:10:19 | ??? |
| sample.bicep:10:9:10:19 | Expression |
| sample.bicep:10:9:10:19 | StorageV2 |
| sample.bicep:10:10:10:18 | StorageV2 |
| sample.bicep:11:3:11:12 | ??? |
| sample.bicep:11:3:11:12 | Expression |
| sample.bicep:11:3:11:12 | properties |
| sample.bicep:11:3:13:3 | properties = Expression |
| sample.bicep:11:3:13:3 | properties = Object |
| sample.bicep:11:15:13:3 | ??? |
| sample.bicep:11:15:13:3 | Expression |
| sample.bicep:11:15:13:3 | Object |
| sample.bicep:12:5:12:14 | ??? |
| sample.bicep:12:5:12:14 | Expression |
| sample.bicep:12:5:12:14 | accessTier |
| sample.bicep:12:5:12:21 | accessTier = Expression |
| sample.bicep:12:5:12:21 | accessTier = Hot |
| sample.bicep:12:17:12:21 | ??? |
| sample.bicep:12:17:12:21 | Expression |
| sample.bicep:12:17:12:21 | Hot |
| sample.bicep:12:18:12:20 | Hot |
