| sample.bicep:1:1:14:2 | Infrastructure |
| sample.bicep:1:7:1:14 | ??? |
| sample.bicep:1:7:1:14 | Expression |
| sample.bicep:1:7:1:14 | location |
| sample.bicep:1:25:1:37 | ??? |
| sample.bicep:1:25:1:37 | Expression |
| sample.bicep:1:25:1:37 | resourceGroup |
| sample.bicep:1:25:1:39 | ??? |
| sample.bicep:1:25:1:39 | CallExpr |
| sample.bicep:1:25:1:39 | Expression |
| sample.bicep:1:25:1:48 | ??? |
| sample.bicep:1:25:1:48 | Expression |
| sample.bicep:1:25:1:48 | MemberExpr |
| sample.bicep:2:7:2:24 | ??? |
| sample.bicep:2:7:2:24 | Expression |
| sample.bicep:2:7:2:24 | storageAccountName |
| sample.bicep:2:35:2:80 | ??? |
| sample.bicep:2:35:2:80 | Expression |
| sample.bicep:2:35:2:80 | toylaunch |
| sample.bicep:2:36:2:44 | toylaunch |
| sample.bicep:2:47:2:58 | ??? |
| sample.bicep:2:47:2:58 | Expression |
| sample.bicep:2:47:2:58 | uniqueString |
| sample.bicep:2:47:2:78 | ??? |
| sample.bicep:2:47:2:78 | CallExpr |
| sample.bicep:2:47:2:78 | Expression |
| sample.bicep:2:60:2:72 | ??? |
| sample.bicep:2:60:2:72 | Expression |
| sample.bicep:2:60:2:72 | resourceGroup |
| sample.bicep:2:60:2:74 | ??? |
| sample.bicep:2:60:2:74 | CallExpr |
| sample.bicep:2:60:2:74 | Expression |
| sample.bicep:2:60:2:77 | ??? |
| sample.bicep:2:60:2:77 | Expression |
| sample.bicep:2:60:2:77 | MemberExpr |
| sample.bicep:4:1:14:1 | ResourceDeclaration |
| sample.bicep:4:10:4:23 | ??? |
| sample.bicep:4:10:4:23 | Expression |
| sample.bicep:4:10:4:23 | storageAccount |
| sample.bicep:4:25:4:70 | ??? |
| sample.bicep:4:25:4:70 | Expression |
| sample.bicep:4:25:4:70 | Microsoft.Storage/storageAccounts@2021-06-01 |
| sample.bicep:4:26:4:69 | Microsoft.Storage/storageAccounts@2021-06-01 |
| sample.bicep:4:74:14:1 | ??? |
| sample.bicep:4:74:14:1 | Expr |
| sample.bicep:4:74:14:1 | Expression |
| sample.bicep:4:74:14:1 | Object |
| sample.bicep:5:3:5:6 | ??? |
| sample.bicep:5:3:5:6 | Expression |
| sample.bicep:5:3:5:6 | name |
| sample.bicep:5:3:5:26 | name = Expression |
| sample.bicep:5:3:5:26 | name = storageAccountName |
| sample.bicep:5:9:5:26 | ??? |
| sample.bicep:5:9:5:26 | Expression |
| sample.bicep:5:9:5:26 | storageAccountName |
| sample.bicep:6:3:6:10 | ??? |
| sample.bicep:6:3:6:10 | Expression |
| sample.bicep:6:3:6:10 | location |
| sample.bicep:6:3:6:20 | location = Expression |
| sample.bicep:6:3:6:20 | location = location |
| sample.bicep:6:13:6:20 | ??? |
| sample.bicep:6:13:6:20 | Expression |
| sample.bicep:6:13:6:20 | location |
| sample.bicep:7:3:7:5 | ??? |
| sample.bicep:7:3:7:5 | Expression |
| sample.bicep:7:3:7:5 | sku |
| sample.bicep:7:3:9:3 | sku = Expr |
| sample.bicep:7:3:9:3 | sku = Expression |
| sample.bicep:7:3:9:3 | sku = Object |
| sample.bicep:7:8:9:3 | ??? |
| sample.bicep:7:8:9:3 | Expr |
| sample.bicep:7:8:9:3 | Expression |
| sample.bicep:7:8:9:3 | Object |
| sample.bicep:8:5:8:8 | ??? |
| sample.bicep:8:5:8:8 | Expression |
| sample.bicep:8:5:8:8 | name |
| sample.bicep:8:5:8:24 | name = Expression |
| sample.bicep:8:5:8:24 | name = Standard_LRS |
| sample.bicep:8:11:8:24 | ??? |
| sample.bicep:8:11:8:24 | Expression |
| sample.bicep:8:11:8:24 | Standard_LRS |
| sample.bicep:8:12:8:23 | Standard_LRS |
| sample.bicep:10:3:10:6 | ??? |
| sample.bicep:10:3:10:6 | Expression |
| sample.bicep:10:3:10:6 | kind |
| sample.bicep:10:3:10:19 | kind = Expression |
| sample.bicep:10:3:10:19 | kind = StorageV2 |
| sample.bicep:10:9:10:19 | ??? |
| sample.bicep:10:9:10:19 | Expression |
| sample.bicep:10:9:10:19 | StorageV2 |
| sample.bicep:10:10:10:18 | StorageV2 |
| sample.bicep:11:3:11:12 | ??? |
| sample.bicep:11:3:11:12 | Expression |
| sample.bicep:11:3:11:12 | properties |
| sample.bicep:11:3:13:3 | properties = Expr |
| sample.bicep:11:3:13:3 | properties = Expression |
| sample.bicep:11:3:13:3 | properties = Object |
| sample.bicep:11:15:13:3 | ??? |
| sample.bicep:11:15:13:3 | Expr |
| sample.bicep:11:15:13:3 | Expression |
| sample.bicep:11:15:13:3 | Object |
| sample.bicep:12:5:12:14 | ??? |
| sample.bicep:12:5:12:14 | Expression |
| sample.bicep:12:5:12:14 | accessTier |
| sample.bicep:12:5:12:21 | accessTier = Expression |
| sample.bicep:12:5:12:21 | accessTier = Hot |
| sample.bicep:12:17:12:21 | ??? |
| sample.bicep:12:17:12:21 | Expression |
| sample.bicep:12:17:12:21 | Hot |
| sample.bicep:12:18:12:20 | Hot |
