adopipeline
| azure-pipelines.yml:1:1:29:26 | Azure DevOps Pipeline |
adopipelineSteps
| azure-pipelines.yml:16:5:21:2 | Azure DevOps Pipeline step |
| azure-pipelines.yml:21:5:26:2 | Azure DevOps Pipeline step |
| azure-pipelines.yml:26:5:29:26 | Azure DevOps Pipeline step |
adopipelinePool
| azure-pipelines.yml:5:3:5:25 | vmImage ... -latest |
adopipelineTask
| azure-pipelines.yml:16:5:21:2 | Azure DevOps Pipeline step |
adopipelineScript
| azure-pipelines.yml:21:5:26:2 | Azure DevOps Pipeline step |
| azure-pipelines.yml:26:5:29:26 | Azure DevOps Pipeline step |
